run 1 D01  correct                     7.9 s  1 att.  [['inspection', 'insp_1002'], ['library', ''], ['code', 'next_due_date']]  
run 1 D02  correct                     4.8 s  1 att.  [['inspection', 'insp_1000']]  
run 1 D03  correct                     4.8 s  1 att.  [['library', '']]  
run 1 D04  correct                     5.0 s  1 att.  [['code', 'cml_report']]  
run 1 D05  correct                     5.4 s  1 att.  [['code', 'remaining_life']]  
run 1 D06  correct                     5.0 s  1 att.  []  NOT POSSIBLE: The request to order replacement plates for a tank from a vendor is not possible because none of the provided step kinds (inspection, library, code,
run 1 D07  correct                     6.5 s  2 att.  []  NOT POSSIBLE: The request to draft an approval note requires a specific inspection report identified by its equipment tag (doc_id). However, no equipment tag was 
run 1 D08  correct                     7.2 s  2 att.  []  NOT POSSIBLE: No inspection report with equipment tag R-9999 exists in the Documents list (insp_1000 to insp_1011 cover tags E-, V-, T-, and C-, but none match R-
run 1 D09  correct                     5.0 s  1 att.  [['library', '']]  
run 1 D10  correct                     5.0 s  1 att.  [['inspection', 'insp_1003']]  
run 1 D11  correct                     6.0 s  1 att.  [['library', ''], ['inspection', 'insp_1007']]  
run 1 D12  correct                     4.5 s  1 att.  []  NOT POSSIBLE: The request asks for a summary of vendor replies from last month, but no inspection report (doc_id) or library document (question) in the provided l
run 1 D13  correct                     5.6 s  1 att.  [['inspection', 'insp_1002'], ['inspection', 'insp_1001']]  
run 1 D14  correct                     5.4 s  1 att.  [['library', '']]  
run 1 D15  correct                     5.4 s  1 att.  [['inspection', 'insp_1001']]  NOT POSSIBLE: Posting on the Teams channel is not supported by any listed step kind.
run 1 D16  correct                     4.6 s  1 att.  [['reply', '']]  
run 1 H01  correct                     5.0 s  1 att.  [['inspection', 'insp_1010']]  
run 1 H02  correct                     4.8 s  1 att.  [['library', '']]  
run 1 H03  correct                     4.6 s  1 att.  [['code', 'remaining_life']]  
run 1 H04  correct                     5.0 s  1 att.  [['code', 'cml_report']]  
run 1 H05  correct                     4.7 s  1 att.  [['code', 'next_due_date']]  
run 1 H06  correct                     6.4 s  2 att.  []  NOT POSSIBLE: The request requires an inspection report for equipment tag V-9001, but no such document exists in the provided Documents list. Therefore, it is imp
run 1 H07  correct                     4.8 s  1 att.  []  NOT POSSIBLE: The request to book a crane for the reactor shutdown is not possible because none of the provided step kinds (inspection, library, code, reply) can 
run 1 H08  correct                     6.3 s  2 att.  []  NOT POSSIBLE: The request to draft an approval note requires specifying a doc_id from the Documents list, which was omitted in the initial plan. Without a valid e
run 1 H09  correct                     6.4 s  1 att.  [['inspection', 'insp_1011'], ['library', '']]  
run 1 H10  correct                     6.4 s  1 att.  [['inspection', 'insp_1003'], ['inspection', 'insp_1004'], ['code', 'next_due_date']]  
run 1 H11  correct                     5.4 s  1 att.  [['library', '']]  
run 1 H12  correct                     4.6 s  1 att.  []  NOT POSSIBLE: The request to delete old inspection reports is not possible because none of the provided step kinds (inspection, library, code, reply) include a fu
run 1 H13  correct                     5.8 s  1 att.  [['inspection', 'insp_1008'], ['library', '']]  
run 1 H14  correct                     4.7 s  1 att.  [['library', '']]  
run 1 H15  correct                     5.0 s  1 att.  [['inspection', 'insp_1009']]  NOT POSSIBLE: Emailing the vendor is not supported by any listed step kind.
run 1 F01  correct                     4.7 s  1 att.  [['inspection', 'insp_1001']]  
run 1 F02  correct                     5.3 s  1 att.  [['library', '']]  
run 1 F03  correct                     5.0 s  1 att.  [['inspection', 'insp_1002']]  
run 1 F04  correct                     4.6 s  1 att.  []  NOT POSSIBLE: The request asks to order new plates, which is an action not covered by any listed step kind (inspection, library, code, or reply). The documents li
run 1 F05  correct                     4.8 s  1 att.  [['library', '']]  
run 1 F06  correct                     4.6 s  1 att.  [['reply', '']]  
run 1 G01  correct                     5.8 s  1 att.  [['inspection', 'insp_1011'], ['inspection', 'insp_1006']]  
run 1 G02  correct                     5.0 s  1 att.  [['library', '']]  
run 1 G03  correct                     5.1 s  1 att.  [['inspection', 'insp_1007']]  
run 1 G04  WRONG TASK                  5.8 s  1 att.  [['code', 'cml_report'], ['reply', '']]  
         expected [] not_possible=True
run 1 G05  correct                     4.8 s  1 att.  [['library', '']]  
run 1 G06  refused by checks           6.3 s  2 att.  []  
         expected [] not_possible=True
         attempt 1: ['step 1 (inspection) needs doc_id']
         attempt 2: ['step 1 uses the report insp_1000 (E-4461), but neither the request nor the earlier messages name E-4461']
run 1 G07  correct                     4.6 s  1 att.  [['reply', '']]  
run 1 G08  missing step                6.3 s  2 att.  []  NOT POSSIBLE: The request asks for a straightforward factual answer (the capital of France) that is not covered by any inspection report, coding task, or library 
         expected [['reply']] not_possible=False
         attempt 1: ['step 1 is kind library, but no part of the request is', 'the part "What is the capital of France?" has no step, so not_possible must say why it cannot be done']
run 1 G09  correct                     4.5 s  1 att.  [['reply', '']]  
run 1 G10  missing step                4.9 s  1 att.  [['library', '']]  
         expected [['reply']] not_possible=False
run 2 D01  correct                     7.6 s  1 att.  [['inspection', 'insp_1002'], ['library', ''], ['code', 'next_due_date']]  
run 2 D02  correct                     5.0 s  1 att.  [['inspection', 'insp_1000']]  
run 2 D03  correct                     4.8 s  1 att.  [['library', '']]  
run 2 D04  correct                     4.9 s  1 att.  [['code', 'cml_report']]  
run 2 D05  correct                     5.7 s  1 att.  [['code', 'remaining_life']]  
run 2 D06  correct                     5.0 s  1 att.  []  NOT POSSIBLE: The request to order replacement plates for a tank from a vendor is not possible because none of the provided step kinds (inspection, library, code,
run 2 D07  correct                     6.7 s  2 att.  []  NOT POSSIBLE: The request to draft an approval note requires a specific inspection report identified by its equipment tag (doc_id). However, no equipment tag was 
run 2 D08  correct                     7.5 s  2 att.  []  NOT POSSIBLE: No inspection report with equipment tag R-9999 exists in the Documents list (insp_1000 to insp_1011 cover tags E-, V-, T-, and C-, but none match R-
run 2 D09  correct                     5.0 s  1 att.  [['library', '']]  
